0 [menu] sent lulu_pleasant
0 [pet] received lulu_pleasant
0 [pet] playLuluReaction lulu_pleasant
0 [menu] sent lulu_hoop
0 [pet] received lulu_hoop
0 [pet] playLuluReaction lulu_hoop
0 [menu] sent lulu_anger
0 [pet] received lulu_anger
0 [pet] playLuluReaction lulu_anger
0 [menu] sent lulu_cry
0 [pet] received lulu_cry
0 [pet] playLuluReaction lulu_cry
0 [menu] sent lulu_sad
0 [pet] received lulu_sad
0 [pet] playLuluReaction lulu_sad
0 [menu] sent lulu_salute
0 [pet] received lulu_salute
0 [pet] playLuluReaction lulu_salute
0 [menu] sent lulu_salute
0 [pet] received lulu_salute
0 [pet] playLuluReaction lulu_salute
0 [menu] sent lulu_tickle
0 [pet] received lulu_tickle
0 [pet] playLuluReaction lulu_tickle
0 [menu] sent lulu_random
0 [pet] received lulu_random
0 [pet] playLuluReaction lulu_pleasant
0 [menu] sent lulu_random
0 [pet] received lulu_random
0 [pet] playLuluReaction lulu_stiff
0 [menu] sent quit
0 [pet] received quit
0 [pet] playLuluReaction lulu_tickle
0 [pet] playLuluReaction lulu_pleasant
0 [pet] playLuluReaction lulu_pleasant
0 [pet] playLuluReaction lulu_hoop
0 [pet] playLuluReaction lulu_hoop
0 [pet] playLuluReaction lulu_pleasant
0 [pet] playLuluReaction lulu_hoop
0 [menu] sent lulu_pleasant
0 [pet] received lulu_pleasant
0 [pet] playLuluReaction lulu_pleasant
0 [menu] sent lulu_hoop
0 [pet] received lulu_hoop
0 [pet] playLuluReaction lulu_hoop
0 [menu] sent lulu_anger
0 [pet] received lulu_anger
0 [pet] playLuluReaction lulu_anger
0 [menu] sent lulu_cry
0 [pet] received lulu_cry
0 [pet] playLuluReaction lulu_cry
0 [menu] sent lulu_sad
0 [pet] received lulu_sad
0 [pet] playLuluReaction lulu_sad
0 [menu] sent lulu_salute
0 [pet] received lulu_salute
0 [pet] playLuluReaction lulu_salute
0 [menu] sent lulu_tickle
0 [pet] received lulu_tickle
0 [pet] playLuluReaction lulu_tickle
0 [pet] playLuluReaction lulu_salute
0 [pet] playLuluReaction lulu_hoop
0 [menu] sent quit
0 [pet] received quit
0 [menu] sent lulu_pleasant
0 [pet] received lulu_pleasant
0 [pet] playLuluReaction lulu_pleasant
0 [menu] sent lulu_hoop
0 [pet] received lulu_hoop
0 [pet] playLuluReaction lulu_hoop
0 [menu] sent lulu_anger
0 [pet] received lulu_anger
0 [pet] playLuluReaction lulu_anger
0 [menu] sent lulu_cry
0 [pet] received lulu_cry
0 [pet] playLuluReaction lulu_cry
0 [menu] sent lulu_sad
0 [pet] received lulu_sad
0 [pet] playLuluReaction lulu_sad
0 [menu] sent lulu_salute
0 [pet] received lulu_salute
0 [pet] playLuluReaction lulu_salute
0 [menu] sent lulu_tickle
0 [pet] received lulu_tickle
0 [pet] playLuluReaction lulu_tickle
0 [menu] sent lulu_random
0 [pet] received lulu_random
0 [pet] playLuluReaction lulu_tickle
0 [menu] sent lulu_random
0 [pet] received lulu_random
0 [pet] playLuluReaction lulu_pleasant
0 [menu] sent quit
0 [pet] received quit
0 [menu] sent quit
0 [pet] received quit
0 [menu] sent lulu_salute
0 [pet] received lulu_salute
0 [pet] playLuluReaction lulu_salute
0 [pet] playLuluReaction lulu_salute
0 [pet] playLuluReaction lulu_salute
0 [pet] playLuluReaction lulu_pleasant
0 [pet] playLuluReaction lulu_pleasant
0 [menu] sent mode_default
0 [pet] received mode_default
0 [menu] sent quit
0 [pet] received quit
0 [menu] sent mode_lulu
0 [pet] received mode_lulu
0 [menu] sent lulu_random
0 [pet] received lulu_random
0 [pet] playLuluReaction lulu_hoop
0 [menu] sent lulu_hoop
0 [pet] received lulu_hoop
0 [pet] playLuluReaction lulu_hoop
0 [pet] playLuluReaction lulu_hoop
0 [menu] sent lulu_salute
0 [pet] received lulu_salute
0 [pet] playLuluReaction lulu_salute
0 [menu] sent quit
0 [pet] received quit
